02-Sep-2026 10:34:14.969 INFO [main] org.apache.catalina.startup.VersionLoggerListener.log Server version name:   Apache Tomcat/11.0.25
02-Sep-2026 10:34:14.975 INFO [main] org.apache.catalina.startup.VersionLoggerListener.log Server built:          Aug 12 2026 12:46:04 UTC
02-Sep-2026 10:34:14.978 INFO [main] org.apache.catalina.startup.VersionLoggerListener.log Server version number: 11.0.25.0
02-Sep-2026 10:34:14.979 INFO [main] org.apache.catalina.startup.VersionLoggerListener.log OS Name:               Windows 11
02-Sep-2026 10:34:14.979 INFO [main] org.apache.catalina.startup.VersionLoggerListener.log OS Version:            10.0
02-Sep-2026 10:34:14.979 INFO [main] org.apache.catalina.startup.VersionLoggerListener.log Architecture:          amd64
02-Sep-2026 10:34:14.979 INFO [main] org.apache.catalina.startup.VersionLoggerListener.log Java Home:             C:\Program Files\Eclipse Adoptium\jdk-25.0.3.9-hotspot
02-Sep-2026 10:34:14.980 INFO [main] org.apache.catalina.startup.VersionLoggerListener.log JVM Version:           25.0.3+9-LTS
02-Sep-2026 10:34:14.980 INFO [main] org.apache.catalina.startup.VersionLoggerListener.log JVM Vendor:            Eclipse Adoptium
02-Sep-2026 10:34:14.980 INFO [main] org.apache.catalina.startup.VersionLoggerListener.log CATALINA_BASE:         C:\Users\Aakash\Downloads\apache-tomcat-11.0.25-windows-x64\apache-tomcat-11.0.25
02-Sep-2026 10:34:14.980 INFO [main] org.apache.catalina.startup.VersionLoggerListener.log CATALINA_HOME:         C:\Users\Aakash\Downloads\apache-tomcat-11.0.25-windows-x64\apache-tomcat-11.0.25
02-Sep-2026 10:34:14.993 INFO [main] org.apache.catalina.startup.VersionLoggerListener.log Command line argument: -Djava.util.logging.config.file=C:\Users\Aakash\Downloads\apache-tomcat-11.0.25-windows-x64\apache-tomcat-11.0.25\conf\logging.properties
02-Sep-2026 10:34:14.993 INFO [main] org.apache.catalina.startup.VersionLoggerListener.log Command line argument: -Djava.util.logging.manager=org.apache.juli.ClassLoaderLogManager
02-Sep-2026 10:34:14.993 INFO [main] org.apache.catalina.startup.VersionLoggerListener.log Command line argument: -Djdk.tls.ephemeralDHKeySize=2048
02-Sep-2026 10:34:14.993 INFO [main] org.apache.catalina.startup.VersionLoggerListener.log Command line argument: --add-opens=java.base/java.lang=ALL-UNNAMED
02-Sep-2026 10:34:14.994 INFO [main] org.apache.catalina.startup.VersionLoggerListener.log Command line argument: --add-opens=java.base/java.lang.reflect=ALL-UNNAMED
02-Sep-2026 10:34:14.994 INFO [main] org.apache.catalina.startup.VersionLoggerListener.log Command line argument: --add-opens=java.base/java.io=ALL-UNNAMED
02-Sep-2026 10:34:14.994 INFO [main] org.apache.catalina.startup.VersionLoggerListener.log Command line argument: --add-opens=java.base/java.util=ALL-UNNAMED
02-Sep-2026 10:34:14.995 INFO [main] org.apache.catalina.startup.VersionLoggerListener.log Command line argument: --add-opens=java.base/java.util.concurrent=ALL-UNNAMED
02-Sep-2026 10:34:14.996 INFO [main] org.apache.catalina.startup.VersionLoggerListener.log Command line argument: --add-opens=java.rmi/sun.rmi.transport=ALL-UNNAMED
02-Sep-2026 10:34:14.996 INFO [main] org.apache.catalina.startup.VersionLoggerListener.log Command line argument: --enable-native-access=ALL-UNNAMED
02-Sep-2026 10:34:14.996 INFO [main] org.apache.catalina.startup.VersionLoggerListener.log Command line argument: -Dcatalina.base=C:\Users\Aakash\Downloads\apache-tomcat-11.0.25-windows-x64\apache-tomcat-11.0.25
02-Sep-2026 10:34:14.997 INFO [main] org.apache.catalina.startup.VersionLoggerListener.log Command line argument: -Dcatalina.home=C:\Users\Aakash\Downloads\apache-tomcat-11.0.25-windows-x64\apache-tomcat-11.0.25
02-Sep-2026 10:34:14.997 INFO [main] org.apache.catalina.startup.VersionLoggerListener.log Command line argument: -Djava.io.tmpdir=C:\Users\Aakash\Downloads\apache-tomcat-11.0.25-windows-x64\apache-tomcat-11.0.25\temp
02-Sep-2026 10:34:15.000 INFO [main] org.apache.catalina.core.AprLifecycleListener.lifecycleEvent Loaded Apache Tomcat Native library [2.0.15] using APR version [1.7.6].
02-Sep-2026 10:34:15.008 INFO [main] org.apache.catalina.core.AprLifecycleListener.initializeSSL OpenSSL successfully initialized [OpenSSL 3.5.7 9 Jun 2026]
02-Sep-2026 10:34:15.331 INFO [main] org.apache.coyote.AbstractProtocol.init Initializing ProtocolHandler ["http-nio-8080"]
02-Sep-2026 10:34:15.349 INFO [main] org.apache.catalina.startup.Catalina.load Server initialization in [586] milliseconds
02-Sep-2026 10:34:15.394 INFO [main] org.apache.catalina.core.StandardService.startInternal Starting service [Catalina]
02-Sep-2026 10:34:15.395 INFO [main] org.apache.catalina.core.StandardEngine.startInternal Starting Servlet engine: [Apache Tomcat/11.0.25]
02-Sep-2026 10:34:15.411 INFO [main] org.apache.catalina.startup.HostConfig.deployDirectory Deploying web application directory [C:\Users\Aakash\Downloads\apache-tomcat-11.0.25-windows-x64\apache-tomcat-11.0.25\webapps\docs]
02-Sep-2026 10:34:15.723 INFO [main] org.apache.catalina.startup.HostConfig.deployDirectory Deployment of web application directory [C:\Users\Aakash\Downloads\apache-tomcat-11.0.25-windows-x64\apache-tomcat-11.0.25\webapps\docs] has finished in [307] ms
02-Sep-2026 10:34:15.724 INFO [main] org.apache.catalina.startup.HostConfig.deployDirectory Deploying web application directory [C:\Users\Aakash\Downloads\apache-tomcat-11.0.25-windows-x64\apache-tomcat-11.0.25\webapps\examples]
02-Sep-2026 10:34:16.280 INFO [main] org.apache.catalina.startup.HostConfig.deployDirectory Deployment of web application directory [C:\Users\Aakash\Downloads\apache-tomcat-11.0.25-windows-x64\apache-tomcat-11.0.25\webapps\examples] has finished in [555] ms
02-Sep-2026 10:34:16.280 INFO [main] org.apache.catalina.startup.HostConfig.deployDirectory Deploying web application directory [C:\Users\Aakash\Downloads\apache-tomcat-11.0.25-windows-x64\apache-tomcat-11.0.25\webapps\host-manager]
02-Sep-2026 10:34:16.340 INFO [main] org.apache.catalina.startup.HostConfig.deployDirectory Deployment of web application directory [C:\Users\Aakash\Downloads\apache-tomcat-11.0.25-windows-x64\apache-tomcat-11.0.25\webapps\host-manager] has finished in [60] ms
02-Sep-2026 10:34:16.341 INFO [main] org.apache.catalina.startup.HostConfig.deployDirectory Deploying web application directory [C:\Users\Aakash\Downloads\apache-tomcat-11.0.25-windows-x64\apache-tomcat-11.0.25\webapps\manager]
02-Sep-2026 10:34:16.383 INFO [main] org.apache.catalina.startup.HostConfig.deployDirectory Deployment of web application directory [C:\Users\Aakash\Downloads\apache-tomcat-11.0.25-windows-x64\apache-tomcat-11.0.25\webapps\manager] has finished in [42] ms
02-Sep-2026 10:34:16.384 INFO [main] org.apache.catalina.startup.HostConfig.deployDirectory Deploying web application directory [C:\Users\Aakash\Downloads\apache-tomcat-11.0.25-windows-x64\apache-tomcat-11.0.25\webapps\mywebapp]
02-Sep-2026 10:34:16.422 INFO [main] org.apache.catalina.startup.HostConfig.deployDirectory Deployment of web application directory [C:\Users\Aakash\Downloads\apache-tomcat-11.0.25-windows-x64\apache-tomcat-11.0.25\webapps\mywebapp] has finished in [38] ms
02-Sep-2026 10:34:16.422 INFO [main] org.apache.catalina.startup.HostConfig.deployDirectory Deploying web application directory [C:\Users\Aakash\Downloads\apache-tomcat-11.0.25-windows-x64\apache-tomcat-11.0.25\webapps\ROOT]
02-Sep-2026 10:34:16.451 INFO [main] org.apache.catalina.startup.HostConfig.deployDirectory Deployment of web application directory [C:\Users\Aakash\Downloads\apache-tomcat-11.0.25-windows-x64\apache-tomcat-11.0.25\webapps\ROOT] has finished in [29] ms
02-Sep-2026 10:34:16.455 INFO [main] org.apache.coyote.AbstractProtocol.start Starting ProtocolHandler ["http-nio-8080"]
02-Sep-2026 10:34:16.491 INFO [main] org.apache.catalina.startup.Catalina.start Server startup in [1139] milliseconds
