23-Sep-2026 08:28:55.392 INFO [main] org.apache.catalina.startup.VersionLoggerListener.log Server version name:   Apache Tomcat/11.0.25
23-Sep-2026 08:28:55.395 INFO [main] org.apache.catalina.startup.VersionLoggerListener.log Server built:          Aug 12 2026 12:46:04 UTC
23-Sep-2026 08:28:55.396 INFO [main] org.apache.catalina.startup.VersionLoggerListener.log Server version number: 11.0.25.0
23-Sep-2026 08:28:55.396 INFO [main] org.apache.catalina.startup.VersionLoggerListener.log OS Name:               Windows 11
23-Sep-2026 08:28:55.396 INFO [main] org.apache.catalina.startup.VersionLoggerListener.log OS Version:            10.0
23-Sep-2026 08:28:55.396 INFO [main] org.apache.catalina.startup.VersionLoggerListener.log Architecture:          amd64
23-Sep-2026 08:28:55.396 INFO [main] org.apache.catalina.startup.VersionLoggerListener.log Java Home:             C:\Program Files\Eclipse Adoptium\jdk-25.0.3.9-hotspot
23-Sep-2026 08:28:55.396 INFO [main] org.apache.catalina.startup.VersionLoggerListener.log JVM Version:           25.0.3+9-LTS
23-Sep-2026 08:28:55.396 INFO [main] org.apache.catalina.startup.VersionLoggerListener.log JVM Vendor:            Eclipse Adoptium
23-Sep-2026 08:28:55.396 INFO [main] org.apache.catalina.startup.VersionLoggerListener.log CATALINA_BASE:         C:\Users\Aakash\OneDrive\Documents\Advanced Java Lab\apache-tomcat-11.0.25-windows-x64\apache-tomcat-11.0.25
23-Sep-2026 08:28:55.397 INFO [main] org.apache.catalina.startup.VersionLoggerListener.log CATALINA_HOME:         C:\Users\Aakash\OneDrive\Documents\Advanced Java Lab\apache-tomcat-11.0.25-windows-x64\apache-tomcat-11.0.25
23-Sep-2026 08:28:55.411 INFO [main] org.apache.catalina.startup.VersionLoggerListener.log Command line argument: -Djava.util.logging.config.file=C:\Users\Aakash\OneDrive\Documents\Advanced Java Lab\apache-tomcat-11.0.25-windows-x64\apache-tomcat-11.0.25\conf\logging.properties
23-Sep-2026 08:28:55.411 INFO [main] org.apache.catalina.startup.VersionLoggerListener.log Command line argument: -Djava.util.logging.manager=org.apache.juli.ClassLoaderLogManager
23-Sep-2026 08:28:55.412 INFO [main] org.apache.catalina.startup.VersionLoggerListener.log Command line argument: -Djdk.tls.ephemeralDHKeySize=2048
23-Sep-2026 08:28:55.412 INFO [main] org.apache.catalina.startup.VersionLoggerListener.log Command line argument: --add-opens=java.base/java.lang=ALL-UNNAMED
23-Sep-2026 08:28:55.412 INFO [main] org.apache.catalina.startup.VersionLoggerListener.log Command line argument: --add-opens=java.base/java.lang.reflect=ALL-UNNAMED
23-Sep-2026 08:28:55.412 INFO [main] org.apache.catalina.startup.VersionLoggerListener.log Command line argument: --add-opens=java.base/java.io=ALL-UNNAMED
23-Sep-2026 08:28:55.412 INFO [main] org.apache.catalina.startup.VersionLoggerListener.log Command line argument: --add-opens=java.base/java.util=ALL-UNNAMED
23-Sep-2026 08:28:55.412 INFO [main] org.apache.catalina.startup.VersionLoggerListener.log Command line argument: --add-opens=java.base/java.util.concurrent=ALL-UNNAMED
23-Sep-2026 08:28:55.412 INFO [main] org.apache.catalina.startup.VersionLoggerListener.log Command line argument: --add-opens=java.rmi/sun.rmi.transport=ALL-UNNAMED
23-Sep-2026 08:28:55.412 INFO [main] org.apache.catalina.startup.VersionLoggerListener.log Command line argument: --enable-native-access=ALL-UNNAMED
23-Sep-2026 08:28:55.412 INFO [main] org.apache.catalina.startup.VersionLoggerListener.log Command line argument: -Dcatalina.base=C:\Users\Aakash\OneDrive\Documents\Advanced Java Lab\apache-tomcat-11.0.25-windows-x64\apache-tomcat-11.0.25
23-Sep-2026 08:28:55.412 INFO [main] org.apache.catalina.startup.VersionLoggerListener.log Command line argument: -Dcatalina.home=C:\Users\Aakash\OneDrive\Documents\Advanced Java Lab\apache-tomcat-11.0.25-windows-x64\apache-tomcat-11.0.25
23-Sep-2026 08:28:55.412 INFO [main] org.apache.catalina.startup.VersionLoggerListener.log Command line argument: -Djava.io.tmpdir=C:\Users\Aakash\OneDrive\Documents\Advanced Java Lab\apache-tomcat-11.0.25-windows-x64\apache-tomcat-11.0.25\temp
23-Sep-2026 08:28:55.419 INFO [main] org.apache.catalina.core.AprLifecycleListener.lifecycleEvent Loaded Apache Tomcat Native library [2.0.15] using APR version [1.7.6].
23-Sep-2026 08:28:55.442 INFO [main] org.apache.catalina.core.AprLifecycleListener.initializeSSL OpenSSL successfully initialized [OpenSSL 3.5.7 9 Jun 2026]
23-Sep-2026 08:28:55.650 INFO [main] org.apache.coyote.AbstractProtocol.init Initializing ProtocolHandler ["http-nio-8080"]
23-Sep-2026 08:28:55.674 INFO [main] org.apache.catalina.startup.Catalina.load Server initialization in [447] milliseconds
23-Sep-2026 08:28:55.716 INFO [main] org.apache.catalina.core.StandardService.startInternal Starting service [Catalina]
23-Sep-2026 08:28:55.717 INFO [main] org.apache.catalina.core.StandardEngine.startInternal Starting Servlet engine: [Apache Tomcat/11.0.25]
23-Sep-2026 08:28:55.726 INFO [main] org.apache.catalina.startup.HostConfig.deployDirectory Deploying web application directory [C:\Users\Aakash\OneDrive\Documents\Advanced Java Lab\apache-tomcat-11.0.25-windows-x64\apache-tomcat-11.0.25\webapps\docs]
23-Sep-2026 08:28:55.979 INFO [main] org.apache.catalina.startup.HostConfig.deployDirectory Deployment of web application directory [C:\Users\Aakash\OneDrive\Documents\Advanced Java Lab\apache-tomcat-11.0.25-windows-x64\apache-tomcat-11.0.25\webapps\docs] has finished in [251] ms
23-Sep-2026 08:28:55.980 INFO [main] org.apache.catalina.startup.HostConfig.deployDirectory Deploying web application directory [C:\Users\Aakash\OneDrive\Documents\Advanced Java Lab\apache-tomcat-11.0.25-windows-x64\apache-tomcat-11.0.25\webapps\examples]
23-Sep-2026 08:28:56.417 INFO [main] org.apache.catalina.startup.HostConfig.deployDirectory Deployment of web application directory [C:\Users\Aakash\OneDrive\Documents\Advanced Java Lab\apache-tomcat-11.0.25-windows-x64\apache-tomcat-11.0.25\webapps\examples] has finished in [437] ms
23-Sep-2026 08:28:56.417 INFO [main] org.apache.catalina.startup.HostConfig.deployDirectory Deploying web application directory [C:\Users\Aakash\OneDrive\Documents\Advanced Java Lab\apache-tomcat-11.0.25-windows-x64\apache-tomcat-11.0.25\webapps\host-manager]
23-Sep-2026 08:28:56.455 INFO [main] org.apache.catalina.startup.HostConfig.deployDirectory Deployment of web application directory [C:\Users\Aakash\OneDrive\Documents\Advanced Java Lab\apache-tomcat-11.0.25-windows-x64\apache-tomcat-11.0.25\webapps\host-manager] has finished in [38] ms
23-Sep-2026 08:28:56.456 INFO [main] org.apache.catalina.startup.HostConfig.deployDirectory Deploying web application directory [C:\Users\Aakash\OneDrive\Documents\Advanced Java Lab\apache-tomcat-11.0.25-windows-x64\apache-tomcat-11.0.25\webapps\manager]
23-Sep-2026 08:28:56.488 INFO [main] org.apache.catalina.startup.HostConfig.deployDirectory Deployment of web application directory [C:\Users\Aakash\OneDrive\Documents\Advanced Java Lab\apache-tomcat-11.0.25-windows-x64\apache-tomcat-11.0.25\webapps\manager] has finished in [32] ms
23-Sep-2026 08:28:56.488 INFO [main] org.apache.catalina.startup.HostConfig.deployDirectory Deploying web application directory [C:\Users\Aakash\OneDrive\Documents\Advanced Java Lab\apache-tomcat-11.0.25-windows-x64\apache-tomcat-11.0.25\webapps\mywebapp]
23-Sep-2026 08:28:56.512 INFO [main] org.apache.catalina.startup.HostConfig.deployDirectory Deployment of web application directory [C:\Users\Aakash\OneDrive\Documents\Advanced Java Lab\apache-tomcat-11.0.25-windows-x64\apache-tomcat-11.0.25\webapps\mywebapp] has finished in [24] ms
23-Sep-2026 08:28:56.513 INFO [main] org.apache.catalina.startup.HostConfig.deployDirectory Deploying web application directory [C:\Users\Aakash\OneDrive\Documents\Advanced Java Lab\apache-tomcat-11.0.25-windows-x64\apache-tomcat-11.0.25\webapps\ROOT]
23-Sep-2026 08:28:56.534 INFO [main] org.apache.catalina.startup.HostConfig.deployDirectory Deployment of web application directory [C:\Users\Aakash\OneDrive\Documents\Advanced Java Lab\apache-tomcat-11.0.25-windows-x64\apache-tomcat-11.0.25\webapps\ROOT] has finished in [21] ms
23-Sep-2026 08:28:56.537 INFO [main] org.apache.coyote.AbstractProtocol.start Starting ProtocolHandler ["http-nio-8080"]
23-Sep-2026 08:28:56.559 INFO [main] org.apache.catalina.startup.Catalina.start Server startup in [882] milliseconds
23-Sep-2026 08:30:19.753 INFO [main] org.apache.catalina.startup.VersionLoggerListener.log Server version name:   Apache Tomcat/11.0.25
23-Sep-2026 08:30:19.756 INFO [main] org.apache.catalina.startup.VersionLoggerListener.log Server built:          Aug 12 2026 12:46:04 UTC
23-Sep-2026 08:30:19.756 INFO [main] org.apache.catalina.startup.VersionLoggerListener.log Server version number: 11.0.25.0
23-Sep-2026 08:30:19.756 INFO [main] org.apache.catalina.startup.VersionLoggerListener.log OS Name:               Windows 11
23-Sep-2026 08:30:19.757 INFO [main] org.apache.catalina.startup.VersionLoggerListener.log OS Version:            10.0
23-Sep-2026 08:30:19.757 INFO [main] org.apache.catalina.startup.VersionLoggerListener.log Architecture:          amd64
23-Sep-2026 08:30:19.757 INFO [main] org.apache.catalina.startup.VersionLoggerListener.log Java Home:             C:\Program Files\Eclipse Adoptium\jdk-25.0.3.9-hotspot
23-Sep-2026 08:30:19.757 INFO [main] org.apache.catalina.startup.VersionLoggerListener.log JVM Version:           25.0.3+9-LTS
23-Sep-2026 08:30:19.757 INFO [main] org.apache.catalina.startup.VersionLoggerListener.log JVM Vendor:            Eclipse Adoptium
23-Sep-2026 08:30:19.757 INFO [main] org.apache.catalina.startup.VersionLoggerListener.log CATALINA_BASE:         C:\Users\Aakash\OneDrive\Documents\Advanced Java Lab\apache-tomcat-11.0.25
23-Sep-2026 08:30:19.758 INFO [main] org.apache.catalina.startup.VersionLoggerListener.log CATALINA_HOME:         C:\Users\Aakash\OneDrive\Documents\Advanced Java Lab\apache-tomcat-11.0.25
23-Sep-2026 08:30:19.765 INFO [main] org.apache.catalina.startup.VersionLoggerListener.log Command line argument: -Djava.util.logging.config.file=C:\Users\Aakash\OneDrive\Documents\Advanced Java Lab\apache-tomcat-11.0.25\conf\logging.properties
23-Sep-2026 08:30:19.765 INFO [main] org.apache.catalina.startup.VersionLoggerListener.log Command line argument: -Djava.util.logging.manager=org.apache.juli.ClassLoaderLogManager
23-Sep-2026 08:30:19.765 INFO [main] org.apache.catalina.startup.VersionLoggerListener.log Command line argument: -Djdk.tls.ephemeralDHKeySize=2048
23-Sep-2026 08:30:19.765 INFO [main] org.apache.catalina.startup.VersionLoggerListener.log Command line argument: --add-opens=java.base/java.lang=ALL-UNNAMED
23-Sep-2026 08:30:19.765 INFO [main] org.apache.catalina.startup.VersionLoggerListener.log Command line argument: --add-opens=java.base/java.lang.reflect=ALL-UNNAMED
23-Sep-2026 08:30:19.765 INFO [main] org.apache.catalina.startup.VersionLoggerListener.log Command line argument: --add-opens=java.base/java.io=ALL-UNNAMED
23-Sep-2026 08:30:19.765 INFO [main] org.apache.catalina.startup.VersionLoggerListener.log Command line argument: --add-opens=java.base/java.util=ALL-UNNAMED
23-Sep-2026 08:30:19.766 INFO [main] org.apache.catalina.startup.VersionLoggerListener.log Command line argument: --add-opens=java.base/java.util.concurrent=ALL-UNNAMED
23-Sep-2026 08:30:19.766 INFO [main] org.apache.catalina.startup.VersionLoggerListener.log Command line argument: --add-opens=java.rmi/sun.rmi.transport=ALL-UNNAMED
23-Sep-2026 08:30:19.766 INFO [main] org.apache.catalina.startup.VersionLoggerListener.log Command line argument: --enable-native-access=ALL-UNNAMED
23-Sep-2026 08:30:19.766 INFO [main] org.apache.catalina.startup.VersionLoggerListener.log Command line argument: -Dcatalina.base=C:\Users\Aakash\OneDrive\Documents\Advanced Java Lab\apache-tomcat-11.0.25
23-Sep-2026 08:30:19.766 INFO [main] org.apache.catalina.startup.VersionLoggerListener.log Command line argument: -Dcatalina.home=C:\Users\Aakash\OneDrive\Documents\Advanced Java Lab\apache-tomcat-11.0.25
23-Sep-2026 08:30:19.766 INFO [main] org.apache.catalina.startup.VersionLoggerListener.log Command line argument: -Djava.io.tmpdir=C:\Users\Aakash\OneDrive\Documents\Advanced Java Lab\apache-tomcat-11.0.25\temp
23-Sep-2026 08:30:19.769 INFO [main] org.apache.catalina.core.AprLifecycleListener.lifecycleEvent Loaded Apache Tomcat Native library [2.0.15] using APR version [1.7.6].
23-Sep-2026 08:30:19.775 INFO [main] org.apache.catalina.core.AprLifecycleListener.initializeSSL OpenSSL successfully initialized [OpenSSL 3.5.7 9 Jun 2026]
23-Sep-2026 08:30:19.946 INFO [main] org.apache.coyote.AbstractProtocol.init Initializing ProtocolHandler ["http-nio-8080"]
23-Sep-2026 08:30:19.960 INFO [main] org.apache.catalina.startup.Catalina.load Server initialization in [319] milliseconds
23-Sep-2026 08:30:19.989 INFO [main] org.apache.catalina.core.StandardService.startInternal Starting service [Catalina]
23-Sep-2026 08:30:19.989 INFO [main] org.apache.catalina.core.StandardEngine.startInternal Starting Servlet engine: [Apache Tomcat/11.0.25]
23-Sep-2026 08:30:19.997 INFO [main] org.apache.catalina.startup.HostConfig.deployDirectory Deploying web application directory [C:\Users\Aakash\OneDrive\Documents\Advanced Java Lab\apache-tomcat-11.0.25\webapps\docs]
23-Sep-2026 08:30:20.185 INFO [main] org.apache.catalina.startup.HostConfig.deployDirectory Deployment of web application directory [C:\Users\Aakash\OneDrive\Documents\Advanced Java Lab\apache-tomcat-11.0.25\webapps\docs] has finished in [186] ms
23-Sep-2026 08:30:20.186 INFO [main] org.apache.catalina.startup.HostConfig.deployDirectory Deploying web application directory [C:\Users\Aakash\OneDrive\Documents\Advanced Java Lab\apache-tomcat-11.0.25\webapps\examples]
23-Sep-2026 08:30:20.535 INFO [main] org.apache.catalina.startup.HostConfig.deployDirectory Deployment of web application directory [C:\Users\Aakash\OneDrive\Documents\Advanced Java Lab\apache-tomcat-11.0.25\webapps\examples] has finished in [349] ms
23-Sep-2026 08:30:20.536 INFO [main] org.apache.catalina.startup.HostConfig.deployDirectory Deploying web application directory [C:\Users\Aakash\OneDrive\Documents\Advanced Java Lab\apache-tomcat-11.0.25\webapps\host-manager]
23-Sep-2026 08:30:20.568 INFO [main] org.apache.catalina.startup.HostConfig.deployDirectory Deployment of web application directory [C:\Users\Aakash\OneDrive\Documents\Advanced Java Lab\apache-tomcat-11.0.25\webapps\host-manager] has finished in [31] ms
23-Sep-2026 08:30:20.568 INFO [main] org.apache.catalina.startup.HostConfig.deployDirectory Deploying web application directory [C:\Users\Aakash\OneDrive\Documents\Advanced Java Lab\apache-tomcat-11.0.25\webapps\manager]
23-Sep-2026 08:30:20.596 INFO [main] org.apache.catalina.startup.HostConfig.deployDirectory Deployment of web application directory [C:\Users\Aakash\OneDrive\Documents\Advanced Java Lab\apache-tomcat-11.0.25\webapps\manager] has finished in [28] ms
23-Sep-2026 08:30:20.597 INFO [main] org.apache.catalina.startup.HostConfig.deployDirectory Deploying web application directory [C:\Users\Aakash\OneDrive\Documents\Advanced Java Lab\apache-tomcat-11.0.25\webapps\mywebapp]
23-Sep-2026 08:30:20.619 INFO [main] org.apache.catalina.startup.HostConfig.deployDirectory Deployment of web application directory [C:\Users\Aakash\OneDrive\Documents\Advanced Java Lab\apache-tomcat-11.0.25\webapps\mywebapp] has finished in [22] ms
23-Sep-2026 08:30:20.619 INFO [main] org.apache.catalina.startup.HostConfig.deployDirectory Deploying web application directory [C:\Users\Aakash\OneDrive\Documents\Advanced Java Lab\apache-tomcat-11.0.25\webapps\ROOT]
23-Sep-2026 08:30:20.640 INFO [main] org.apache.catalina.startup.HostConfig.deployDirectory Deployment of web application directory [C:\Users\Aakash\OneDrive\Documents\Advanced Java Lab\apache-tomcat-11.0.25\webapps\ROOT] has finished in [21] ms
23-Sep-2026 08:30:20.643 INFO [main] org.apache.coyote.AbstractProtocol.start Starting ProtocolHandler ["http-nio-8080"]
23-Sep-2026 08:30:20.661 INFO [main] org.apache.catalina.startup.Catalina.start Server startup in [699] milliseconds
