17-Sep-2026 00:10:17.891 INFO [main] org.apache.catalina.startup.VersionLoggerListener.log Server version name:   Apache Tomcat/11.0.25
17-Sep-2026 00:10:17.894 INFO [main] org.apache.catalina.startup.VersionLoggerListener.log Server built:          Aug 12 2026 12:46:04 UTC
17-Sep-2026 00:10:17.894 INFO [main] org.apache.catalina.startup.VersionLoggerListener.log Server version number: 11.0.25.0
17-Sep-2026 00:10:17.894 INFO [main] org.apache.catalina.startup.VersionLoggerListener.log OS Name:               Windows 11
17-Sep-2026 00:10:17.895 INFO [main] org.apache.catalina.startup.VersionLoggerListener.log OS Version:            10.0
17-Sep-2026 00:10:17.895 INFO [main] org.apache.catalina.startup.VersionLoggerListener.log Architecture:          amd64
17-Sep-2026 00:10:17.895 INFO [main] org.apache.catalina.startup.VersionLoggerListener.log Java Home:             C:\Program Files\Eclipse Adoptium\jdk-25.0.3.9-hotspot
17-Sep-2026 00:10:17.896 INFO [main] org.apache.catalina.startup.VersionLoggerListener.log JVM Version:           25.0.3+9-LTS
17-Sep-2026 00:10:17.896 INFO [main] org.apache.catalina.startup.VersionLoggerListener.log JVM Vendor:            Eclipse Adoptium
17-Sep-2026 00:10:17.897 INFO [main] org.apache.catalina.startup.VersionLoggerListener.log CATALINA_BASE:         C:\Users\Aakash\OneDrive\Documents\Advanced Java Lab\apache-tomcat-11.0.25-windows-x64\apache-tomcat-11.0.25
17-Sep-2026 00:10:17.897 INFO [main] org.apache.catalina.startup.VersionLoggerListener.log CATALINA_HOME:         C:\Users\Aakash\OneDrive\Documents\Advanced Java Lab\apache-tomcat-11.0.25-windows-x64\apache-tomcat-11.0.25
17-Sep-2026 00:10:17.904 INFO [main] org.apache.catalina.startup.VersionLoggerListener.log Command line argument: -Djava.util.logging.config.file=C:\Users\Aakash\OneDrive\Documents\Advanced Java Lab\apache-tomcat-11.0.25-windows-x64\apache-tomcat-11.0.25\conf\logging.properties
17-Sep-2026 00:10:17.905 INFO [main] org.apache.catalina.startup.VersionLoggerListener.log Command line argument: -Djava.util.logging.manager=org.apache.juli.ClassLoaderLogManager
17-Sep-2026 00:10:17.905 INFO [main] org.apache.catalina.startup.VersionLoggerListener.log Command line argument: -Djdk.tls.ephemeralDHKeySize=2048
17-Sep-2026 00:10:17.905 INFO [main] org.apache.catalina.startup.VersionLoggerListener.log Command line argument: --add-opens=java.base/java.lang=ALL-UNNAMED
17-Sep-2026 00:10:17.905 INFO [main] org.apache.catalina.startup.VersionLoggerListener.log Command line argument: --add-opens=java.base/java.lang.reflect=ALL-UNNAMED
17-Sep-2026 00:10:17.905 INFO [main] org.apache.catalina.startup.VersionLoggerListener.log Command line argument: --add-opens=java.base/java.io=ALL-UNNAMED
17-Sep-2026 00:10:17.905 INFO [main] org.apache.catalina.startup.VersionLoggerListener.log Command line argument: --add-opens=java.base/java.util=ALL-UNNAMED
17-Sep-2026 00:10:17.905 INFO [main] org.apache.catalina.startup.VersionLoggerListener.log Command line argument: --add-opens=java.base/java.util.concurrent=ALL-UNNAMED
17-Sep-2026 00:10:17.906 INFO [main] org.apache.catalina.startup.VersionLoggerListener.log Command line argument: --add-opens=java.rmi/sun.rmi.transport=ALL-UNNAMED
17-Sep-2026 00:10:17.906 INFO [main] org.apache.catalina.startup.VersionLoggerListener.log Command line argument: --enable-native-access=ALL-UNNAMED
17-Sep-2026 00:10:17.906 INFO [main] org.apache.catalina.startup.VersionLoggerListener.log Command line argument: -Dcatalina.base=C:\Users\Aakash\OneDrive\Documents\Advanced Java Lab\apache-tomcat-11.0.25-windows-x64\apache-tomcat-11.0.25
17-Sep-2026 00:10:17.906 INFO [main] org.apache.catalina.startup.VersionLoggerListener.log Command line argument: -Dcatalina.home=C:\Users\Aakash\OneDrive\Documents\Advanced Java Lab\apache-tomcat-11.0.25-windows-x64\apache-tomcat-11.0.25
17-Sep-2026 00:10:17.906 INFO [main] org.apache.catalina.startup.VersionLoggerListener.log Command line argument: -Djava.io.tmpdir=C:\Users\Aakash\OneDrive\Documents\Advanced Java Lab\apache-tomcat-11.0.25-windows-x64\apache-tomcat-11.0.25\temp
17-Sep-2026 00:10:17.915 INFO [main] org.apache.catalina.core.AprLifecycleListener.lifecycleEvent Loaded Apache Tomcat Native library [2.0.15] using APR version [1.7.6].
17-Sep-2026 00:10:17.939 INFO [main] org.apache.catalina.core.AprLifecycleListener.initializeSSL OpenSSL successfully initialized [OpenSSL 3.5.7 9 Jun 2026]
17-Sep-2026 00:10:18.108 INFO [main] org.apache.coyote.AbstractProtocol.init Initializing ProtocolHandler ["http-nio-8080"]
17-Sep-2026 00:10:18.128 INFO [main] org.apache.catalina.startup.Catalina.load Server initialization in [372] milliseconds
17-Sep-2026 00:10:18.161 INFO [main] org.apache.catalina.core.StandardService.startInternal Starting service [Catalina]
17-Sep-2026 00:10:18.162 INFO [main] org.apache.catalina.core.StandardEngine.startInternal Starting Servlet engine: [Apache Tomcat/11.0.25]
17-Sep-2026 00:10:18.171 INFO [main] org.apache.catalina.startup.HostConfig.deployDirectory Deploying web application directory [C:\Users\Aakash\OneDrive\Documents\Advanced Java Lab\apache-tomcat-11.0.25-windows-x64\apache-tomcat-11.0.25\webapps\docs]
17-Sep-2026 00:10:18.383 INFO [main] org.apache.catalina.startup.HostConfig.deployDirectory Deployment of web application directory [C:\Users\Aakash\OneDrive\Documents\Advanced Java Lab\apache-tomcat-11.0.25-windows-x64\apache-tomcat-11.0.25\webapps\docs] has finished in [211] ms
17-Sep-2026 00:10:18.384 INFO [main] org.apache.catalina.startup.HostConfig.deployDirectory Deploying web application directory [C:\Users\Aakash\OneDrive\Documents\Advanced Java Lab\apache-tomcat-11.0.25-windows-x64\apache-tomcat-11.0.25\webapps\examples]
17-Sep-2026 00:10:18.823 INFO [main] org.apache.catalina.startup.HostConfig.deployDirectory Deployment of web application directory [C:\Users\Aakash\OneDrive\Documents\Advanced Java Lab\apache-tomcat-11.0.25-windows-x64\apache-tomcat-11.0.25\webapps\examples] has finished in [439] ms
17-Sep-2026 00:10:18.823 INFO [main] org.apache.catalina.startup.HostConfig.deployDirectory Deploying web application directory [C:\Users\Aakash\OneDrive\Documents\Advanced Java Lab\apache-tomcat-11.0.25-windows-x64\apache-tomcat-11.0.25\webapps\host-manager]
17-Sep-2026 00:10:18.861 INFO [main] org.apache.catalina.startup.HostConfig.deployDirectory Deployment of web application directory [C:\Users\Aakash\OneDrive\Documents\Advanced Java Lab\apache-tomcat-11.0.25-windows-x64\apache-tomcat-11.0.25\webapps\host-manager] has finished in [38] ms
17-Sep-2026 00:10:18.861 INFO [main] org.apache.catalina.startup.HostConfig.deployDirectory Deploying web application directory [C:\Users\Aakash\OneDrive\Documents\Advanced Java Lab\apache-tomcat-11.0.25-windows-x64\apache-tomcat-11.0.25\webapps\manager]
17-Sep-2026 00:10:18.890 INFO [main] org.apache.catalina.startup.HostConfig.deployDirectory Deployment of web application directory [C:\Users\Aakash\OneDrive\Documents\Advanced Java Lab\apache-tomcat-11.0.25-windows-x64\apache-tomcat-11.0.25\webapps\manager] has finished in [29] ms
17-Sep-2026 00:10:18.891 INFO [main] org.apache.catalina.startup.HostConfig.deployDirectory Deploying web application directory [C:\Users\Aakash\OneDrive\Documents\Advanced Java Lab\apache-tomcat-11.0.25-windows-x64\apache-tomcat-11.0.25\webapps\mywebapp]
17-Sep-2026 00:10:18.916 INFO [main] org.apache.catalina.startup.HostConfig.deployDirectory Deployment of web application directory [C:\Users\Aakash\OneDrive\Documents\Advanced Java Lab\apache-tomcat-11.0.25-windows-x64\apache-tomcat-11.0.25\webapps\mywebapp] has finished in [25] ms
17-Sep-2026 00:10:18.916 INFO [main] org.apache.catalina.startup.HostConfig.deployDirectory Deploying web application directory [C:\Users\Aakash\OneDrive\Documents\Advanced Java Lab\apache-tomcat-11.0.25-windows-x64\apache-tomcat-11.0.25\webapps\ROOT]
17-Sep-2026 00:10:18.939 INFO [main] org.apache.catalina.startup.HostConfig.deployDirectory Deployment of web application directory [C:\Users\Aakash\OneDrive\Documents\Advanced Java Lab\apache-tomcat-11.0.25-windows-x64\apache-tomcat-11.0.25\webapps\ROOT] has finished in [23] ms
17-Sep-2026 00:10:18.942 INFO [main] org.apache.coyote.AbstractProtocol.start Starting ProtocolHandler ["http-nio-8080"]
17-Sep-2026 00:10:18.962 INFO [main] org.apache.catalina.startup.Catalina.start Server startup in [833] milliseconds
17-Sep-2026 00:16:01.036 INFO [Thread-1] org.apache.coyote.AbstractProtocol.pause Pausing ProtocolHandler ["http-nio-8080"]
17-Sep-2026 00:16:01.049 INFO [Thread-1] org.apache.catalina.core.StandardService.stopInternal Stopping service [Catalina]
17-Sep-2026 00:16:01.070 INFO [Thread-1] org.apache.coyote.AbstractProtocol.stop Stopping ProtocolHandler ["http-nio-8080"]
17-Sep-2026 00:16:01.081 INFO [Thread-1] org.apache.coyote.AbstractProtocol.destroy Destroying ProtocolHandler ["http-nio-8080"]
17-Sep-2026 00:16:24.489 INFO [main] org.apache.catalina.startup.VersionLoggerListener.log Server version name:   Apache Tomcat/11.0.25
17-Sep-2026 00:16:24.492 INFO [main] org.apache.catalina.startup.VersionLoggerListener.log Server built:          Aug 12 2026 12:46:04 UTC
17-Sep-2026 00:16:24.492 INFO [main] org.apache.catalina.startup.VersionLoggerListener.log Server version number: 11.0.25.0
17-Sep-2026 00:16:24.492 INFO [main] org.apache.catalina.startup.VersionLoggerListener.log OS Name:               Windows 11
17-Sep-2026 00:16:24.492 INFO [main] org.apache.catalina.startup.VersionLoggerListener.log OS Version:            10.0
17-Sep-2026 00:16:24.493 INFO [main] org.apache.catalina.startup.VersionLoggerListener.log Architecture:          amd64
17-Sep-2026 00:16:24.493 INFO [main] org.apache.catalina.startup.VersionLoggerListener.log Java Home:             C:\Program Files\Eclipse Adoptium\jdk-25.0.3.9-hotspot
17-Sep-2026 00:16:24.493 INFO [main] org.apache.catalina.startup.VersionLoggerListener.log JVM Version:           25.0.3+9-LTS
17-Sep-2026 00:16:24.493 INFO [main] org.apache.catalina.startup.VersionLoggerListener.log JVM Vendor:            Eclipse Adoptium
17-Sep-2026 00:16:24.493 INFO [main] org.apache.catalina.startup.VersionLoggerListener.log CATALINA_BASE:         C:\Users\Aakash\OneDrive\Documents\Advanced Java Lab\apache-tomcat-11.0.25-windows-x64\apache-tomcat-11.0.25
17-Sep-2026 00:16:24.494 INFO [main] org.apache.catalina.startup.VersionLoggerListener.log CATALINA_HOME:         C:\Users\Aakash\OneDrive\Documents\Advanced Java Lab\apache-tomcat-11.0.25-windows-x64\apache-tomcat-11.0.25
17-Sep-2026 00:16:24.501 INFO [main] org.apache.catalina.startup.VersionLoggerListener.log Command line argument: -Djava.util.logging.config.file=C:\Users\Aakash\OneDrive\Documents\Advanced Java Lab\apache-tomcat-11.0.25-windows-x64\apache-tomcat-11.0.25\conf\logging.properties
17-Sep-2026 00:16:24.502 INFO [main] org.apache.catalina.startup.VersionLoggerListener.log Command line argument: -Djava.util.logging.manager=org.apache.juli.ClassLoaderLogManager
17-Sep-2026 00:16:24.502 INFO [main] org.apache.catalina.startup.VersionLoggerListener.log Command line argument: -Djdk.tls.ephemeralDHKeySize=2048
17-Sep-2026 00:16:24.502 INFO [main] org.apache.catalina.startup.VersionLoggerListener.log Command line argument: --add-opens=java.base/java.lang=ALL-UNNAMED
17-Sep-2026 00:16:24.502 INFO [main] org.apache.catalina.startup.VersionLoggerListener.log Command line argument: --add-opens=java.base/java.lang.reflect=ALL-UNNAMED
17-Sep-2026 00:16:24.502 INFO [main] org.apache.catalina.startup.VersionLoggerListener.log Command line argument: --add-opens=java.base/java.io=ALL-UNNAMED
17-Sep-2026 00:16:24.502 INFO [main] org.apache.catalina.startup.VersionLoggerListener.log Command line argument: --add-opens=java.base/java.util=ALL-UNNAMED
17-Sep-2026 00:16:24.503 INFO [main] org.apache.catalina.startup.VersionLoggerListener.log Command line argument: --add-opens=java.base/java.util.concurrent=ALL-UNNAMED
17-Sep-2026 00:16:24.503 INFO [main] org.apache.catalina.startup.VersionLoggerListener.log Command line argument: --add-opens=java.rmi/sun.rmi.transport=ALL-UNNAMED
17-Sep-2026 00:16:24.503 INFO [main] org.apache.catalina.startup.VersionLoggerListener.log Command line argument: --enable-native-access=ALL-UNNAMED
17-Sep-2026 00:16:24.503 INFO [main] org.apache.catalina.startup.VersionLoggerListener.log Command line argument: -Dcatalina.base=C:\Users\Aakash\OneDrive\Documents\Advanced Java Lab\apache-tomcat-11.0.25-windows-x64\apache-tomcat-11.0.25
17-Sep-2026 00:16:24.503 INFO [main] org.apache.catalina.startup.VersionLoggerListener.log Command line argument: -Dcatalina.home=C:\Users\Aakash\OneDrive\Documents\Advanced Java Lab\apache-tomcat-11.0.25-windows-x64\apache-tomcat-11.0.25
17-Sep-2026 00:16:24.503 INFO [main] org.apache.catalina.startup.VersionLoggerListener.log Command line argument: -Djava.io.tmpdir=C:\Users\Aakash\OneDrive\Documents\Advanced Java Lab\apache-tomcat-11.0.25-windows-x64\apache-tomcat-11.0.25\temp
17-Sep-2026 00:16:24.506 INFO [main] org.apache.catalina.core.AprLifecycleListener.lifecycleEvent Loaded Apache Tomcat Native library [2.0.15] using APR version [1.7.6].
17-Sep-2026 00:16:24.511 INFO [main] org.apache.catalina.core.AprLifecycleListener.initializeSSL OpenSSL successfully initialized [OpenSSL 3.5.7 9 Jun 2026]
17-Sep-2026 00:16:24.674 INFO [main] org.apache.coyote.AbstractProtocol.init Initializing ProtocolHandler ["http-nio-8080"]
17-Sep-2026 00:16:24.689 INFO [main] org.apache.catalina.startup.Catalina.load Server initialization in [326] milliseconds
17-Sep-2026 00:16:24.720 INFO [main] org.apache.catalina.core.StandardService.startInternal Starting service [Catalina]
17-Sep-2026 00:16:24.720 INFO [main] org.apache.catalina.core.StandardEngine.startInternal Starting Servlet engine: [Apache Tomcat/11.0.25]
17-Sep-2026 00:16:24.728 INFO [main] org.apache.catalina.startup.HostConfig.deployDirectory Deploying web application directory [C:\Users\Aakash\OneDrive\Documents\Advanced Java Lab\apache-tomcat-11.0.25-windows-x64\apache-tomcat-11.0.25\webapps\docs]
17-Sep-2026 00:16:24.920 INFO [main] org.apache.catalina.startup.HostConfig.deployDirectory Deployment of web application directory [C:\Users\Aakash\OneDrive\Documents\Advanced Java Lab\apache-tomcat-11.0.25-windows-x64\apache-tomcat-11.0.25\webapps\docs] has finished in [189] ms
17-Sep-2026 00:16:24.920 INFO [main] org.apache.catalina.startup.HostConfig.deployDirectory Deploying web application directory [C:\Users\Aakash\OneDrive\Documents\Advanced Java Lab\apache-tomcat-11.0.25-windows-x64\apache-tomcat-11.0.25\webapps\examples]
17-Sep-2026 00:16:25.277 INFO [main] org.apache.catalina.startup.HostConfig.deployDirectory Deployment of web application directory [C:\Users\Aakash\OneDrive\Documents\Advanced Java Lab\apache-tomcat-11.0.25-windows-x64\apache-tomcat-11.0.25\webapps\examples] has finished in [357] ms
17-Sep-2026 00:16:25.279 INFO [main] org.apache.catalina.startup.HostConfig.deployDirectory Deploying web application directory [C:\Users\Aakash\OneDrive\Documents\Advanced Java Lab\apache-tomcat-11.0.25-windows-x64\apache-tomcat-11.0.25\webapps\host-manager]
17-Sep-2026 00:16:25.312 INFO [main] org.apache.catalina.startup.HostConfig.deployDirectory Deployment of web application directory [C:\Users\Aakash\OneDrive\Documents\Advanced Java Lab\apache-tomcat-11.0.25-windows-x64\apache-tomcat-11.0.25\webapps\host-manager] has finished in [33] ms
17-Sep-2026 00:16:25.312 INFO [main] org.apache.catalina.startup.HostConfig.deployDirectory Deploying web application directory [C:\Users\Aakash\OneDrive\Documents\Advanced Java Lab\apache-tomcat-11.0.25-windows-x64\apache-tomcat-11.0.25\webapps\manager]
17-Sep-2026 00:16:25.341 INFO [main] org.apache.catalina.startup.HostConfig.deployDirectory Deployment of web application directory [C:\Users\Aakash\OneDrive\Documents\Advanced Java Lab\apache-tomcat-11.0.25-windows-x64\apache-tomcat-11.0.25\webapps\manager] has finished in [29] ms
17-Sep-2026 00:16:25.341 INFO [main] org.apache.catalina.startup.HostConfig.deployDirectory Deploying web application directory [C:\Users\Aakash\OneDrive\Documents\Advanced Java Lab\apache-tomcat-11.0.25-windows-x64\apache-tomcat-11.0.25\webapps\mywebapp]
17-Sep-2026 00:16:25.365 INFO [main] org.apache.catalina.startup.HostConfig.deployDirectory Deployment of web application directory [C:\Users\Aakash\OneDrive\Documents\Advanced Java Lab\apache-tomcat-11.0.25-windows-x64\apache-tomcat-11.0.25\webapps\mywebapp] has finished in [24] ms
17-Sep-2026 00:16:25.366 INFO [main] org.apache.catalina.startup.HostConfig.deployDirectory Deploying web application directory [C:\Users\Aakash\OneDrive\Documents\Advanced Java Lab\apache-tomcat-11.0.25-windows-x64\apache-tomcat-11.0.25\webapps\ROOT]
17-Sep-2026 00:16:25.388 INFO [main] org.apache.catalina.startup.HostConfig.deployDirectory Deployment of web application directory [C:\Users\Aakash\OneDrive\Documents\Advanced Java Lab\apache-tomcat-11.0.25-windows-x64\apache-tomcat-11.0.25\webapps\ROOT] has finished in [22] ms
17-Sep-2026 00:16:25.391 INFO [main] org.apache.coyote.AbstractProtocol.start Starting ProtocolHandler ["http-nio-8080"]
17-Sep-2026 00:16:25.408 INFO [main] org.apache.catalina.startup.Catalina.start Server startup in [716] milliseconds
17-Sep-2026 09:15:14.697 INFO [main] org.apache.catalina.startup.VersionLoggerListener.log Server version name:   Apache Tomcat/11.0.25
17-Sep-2026 09:15:14.704 INFO [main] org.apache.catalina.startup.VersionLoggerListener.log Server built:          Aug 12 2026 12:46:04 UTC
17-Sep-2026 09:15:14.705 INFO [main] org.apache.catalina.startup.VersionLoggerListener.log Server version number: 11.0.25.0
17-Sep-2026 09:15:14.705 INFO [main] org.apache.catalina.startup.VersionLoggerListener.log OS Name:               Windows 11
17-Sep-2026 09:15:14.705 INFO [main] org.apache.catalina.startup.VersionLoggerListener.log OS Version:            10.0
17-Sep-2026 09:15:14.705 INFO [main] org.apache.catalina.startup.VersionLoggerListener.log Architecture:          amd64
17-Sep-2026 09:15:14.705 INFO [main] org.apache.catalina.startup.VersionLoggerListener.log Java Home:             C:\Program Files\Eclipse Adoptium\jdk-25.0.3.9-hotspot
17-Sep-2026 09:15:14.707 INFO [main] org.apache.catalina.startup.VersionLoggerListener.log JVM Version:           25.0.3+9-LTS
17-Sep-2026 09:15:14.707 INFO [main] org.apache.catalina.startup.VersionLoggerListener.log JVM Vendor:            Eclipse Adoptium
17-Sep-2026 09:15:14.707 INFO [main] org.apache.catalina.startup.VersionLoggerListener.log CATALINA_BASE:         C:\Users\Aakash\OneDrive\Documents\Advanced Java Lab\apache-tomcat-11.0.25-windows-x64\apache-tomcat-11.0.25
17-Sep-2026 09:15:14.707 INFO [main] org.apache.catalina.startup.VersionLoggerListener.log CATALINA_HOME:         C:\Users\Aakash\OneDrive\Documents\Advanced Java Lab\apache-tomcat-11.0.25-windows-x64\apache-tomcat-11.0.25
17-Sep-2026 09:15:14.727 INFO [main] org.apache.catalina.startup.VersionLoggerListener.log Command line argument: -Djava.util.logging.config.file=C:\Users\Aakash\OneDrive\Documents\Advanced Java Lab\apache-tomcat-11.0.25-windows-x64\apache-tomcat-11.0.25\conf\logging.properties
17-Sep-2026 09:15:14.728 INFO [main] org.apache.catalina.startup.VersionLoggerListener.log Command line argument: -Djava.util.logging.manager=org.apache.juli.ClassLoaderLogManager
17-Sep-2026 09:15:14.728 INFO [main] org.apache.catalina.startup.VersionLoggerListener.log Command line argument: -Djdk.tls.ephemeralDHKeySize=2048
17-Sep-2026 09:15:14.728 INFO [main] org.apache.catalina.startup.VersionLoggerListener.log Command line argument: --add-opens=java.base/java.lang=ALL-UNNAMED
17-Sep-2026 09:15:14.728 INFO [main] org.apache.catalina.startup.VersionLoggerListener.log Command line argument: --add-opens=java.base/java.lang.reflect=ALL-UNNAMED
17-Sep-2026 09:15:14.729 INFO [main] org.apache.catalina.startup.VersionLoggerListener.log Command line argument: --add-opens=java.base/java.io=ALL-UNNAMED
17-Sep-2026 09:15:14.729 INFO [main] org.apache.catalina.startup.VersionLoggerListener.log Command line argument: --add-opens=java.base/java.util=ALL-UNNAMED
17-Sep-2026 09:15:14.729 INFO [main] org.apache.catalina.startup.VersionLoggerListener.log Command line argument: --add-opens=java.base/java.util.concurrent=ALL-UNNAMED
17-Sep-2026 09:15:14.729 INFO [main] org.apache.catalina.startup.VersionLoggerListener.log Command line argument: --add-opens=java.rmi/sun.rmi.transport=ALL-UNNAMED
17-Sep-2026 09:15:14.730 INFO [main] org.apache.catalina.startup.VersionLoggerListener.log Command line argument: --enable-native-access=ALL-UNNAMED
17-Sep-2026 09:15:14.731 INFO [main] org.apache.catalina.startup.VersionLoggerListener.log Command line argument: -Dcatalina.base=C:\Users\Aakash\OneDrive\Documents\Advanced Java Lab\apache-tomcat-11.0.25-windows-x64\apache-tomcat-11.0.25
17-Sep-2026 09:15:14.731 INFO [main] org.apache.catalina.startup.VersionLoggerListener.log Command line argument: -Dcatalina.home=C:\Users\Aakash\OneDrive\Documents\Advanced Java Lab\apache-tomcat-11.0.25-windows-x64\apache-tomcat-11.0.25
17-Sep-2026 09:15:14.731 INFO [main] org.apache.catalina.startup.VersionLoggerListener.log Command line argument: -Djava.io.tmpdir=C:\Users\Aakash\OneDrive\Documents\Advanced Java Lab\apache-tomcat-11.0.25-windows-x64\apache-tomcat-11.0.25\temp
17-Sep-2026 09:15:14.740 INFO [main] org.apache.catalina.core.AprLifecycleListener.lifecycleEvent Loaded Apache Tomcat Native library [2.0.15] using APR version [1.7.6].
17-Sep-2026 09:15:14.767 INFO [main] org.apache.catalina.core.AprLifecycleListener.initializeSSL OpenSSL successfully initialized [OpenSSL 3.5.7 9 Jun 2026]
17-Sep-2026 09:15:15.239 INFO [main] org.apache.coyote.AbstractProtocol.init Initializing ProtocolHandler ["http-nio-8080"]
17-Sep-2026 09:15:15.279 INFO [main] org.apache.catalina.startup.Catalina.load Server initialization in [886] milliseconds
17-Sep-2026 09:15:15.335 INFO [main] org.apache.catalina.core.StandardService.startInternal Starting service [Catalina]
17-Sep-2026 09:15:15.336 INFO [main] org.apache.catalina.core.StandardEngine.startInternal Starting Servlet engine: [Apache Tomcat/11.0.25]
17-Sep-2026 09:15:15.350 INFO [main] org.apache.catalina.startup.HostConfig.deployDirectory Deploying web application directory [C:\Users\Aakash\OneDrive\Documents\Advanced Java Lab\apache-tomcat-11.0.25-windows-x64\apache-tomcat-11.0.25\webapps\docs]
17-Sep-2026 09:15:15.759 INFO [main] org.apache.catalina.startup.HostConfig.deployDirectory Deployment of web application directory [C:\Users\Aakash\OneDrive\Documents\Advanced Java Lab\apache-tomcat-11.0.25-windows-x64\apache-tomcat-11.0.25\webapps\docs] has finished in [401] ms
17-Sep-2026 09:15:15.760 INFO [main] org.apache.catalina.startup.HostConfig.deployDirectory Deploying web application directory [C:\Users\Aakash\OneDrive\Documents\Advanced Java Lab\apache-tomcat-11.0.25-windows-x64\apache-tomcat-11.0.25\webapps\examples]
17-Sep-2026 09:15:16.651 INFO [main] org.apache.catalina.startup.HostConfig.deployDirectory Deployment of web application directory [C:\Users\Aakash\OneDrive\Documents\Advanced Java Lab\apache-tomcat-11.0.25-windows-x64\apache-tomcat-11.0.25\webapps\examples] has finished in [891] ms
17-Sep-2026 09:15:16.651 INFO [main] org.apache.catalina.startup.HostConfig.deployDirectory Deploying web application directory [C:\Users\Aakash\OneDrive\Documents\Advanced Java Lab\apache-tomcat-11.0.25-windows-x64\apache-tomcat-11.0.25\webapps\host-manager]
17-Sep-2026 09:15:16.713 INFO [main] org.apache.catalina.startup.HostConfig.deployDirectory Deployment of web application directory [C:\Users\Aakash\OneDrive\Documents\Advanced Java Lab\apache-tomcat-11.0.25-windows-x64\apache-tomcat-11.0.25\webapps\host-manager] has finished in [62] ms
17-Sep-2026 09:15:16.714 INFO [main] org.apache.catalina.startup.HostConfig.deployDirectory Deploying web application directory [C:\Users\Aakash\OneDrive\Documents\Advanced Java Lab\apache-tomcat-11.0.25-windows-x64\apache-tomcat-11.0.25\webapps\manager]
17-Sep-2026 09:15:16.768 INFO [main] org.apache.catalina.startup.HostConfig.deployDirectory Deployment of web application directory [C:\Users\Aakash\OneDrive\Documents\Advanced Java Lab\apache-tomcat-11.0.25-windows-x64\apache-tomcat-11.0.25\webapps\manager] has finished in [54] ms
17-Sep-2026 09:15:16.769 INFO [main] org.apache.catalina.startup.HostConfig.deployDirectory Deploying web application directory [C:\Users\Aakash\OneDrive\Documents\Advanced Java Lab\apache-tomcat-11.0.25-windows-x64\apache-tomcat-11.0.25\webapps\mywebapp]
17-Sep-2026 09:15:16.812 INFO [main] org.apache.catalina.startup.HostConfig.deployDirectory Deployment of web application directory [C:\Users\Aakash\OneDrive\Documents\Advanced Java Lab\apache-tomcat-11.0.25-windows-x64\apache-tomcat-11.0.25\webapps\mywebapp] has finished in [43] ms
17-Sep-2026 09:15:16.813 INFO [main] org.apache.catalina.startup.HostConfig.deployDirectory Deploying web application directory [C:\Users\Aakash\OneDrive\Documents\Advanced Java Lab\apache-tomcat-11.0.25-windows-x64\apache-tomcat-11.0.25\webapps\ROOT]
17-Sep-2026 09:15:16.854 INFO [main] org.apache.catalina.startup.HostConfig.deployDirectory Deployment of web application directory [C:\Users\Aakash\OneDrive\Documents\Advanced Java Lab\apache-tomcat-11.0.25-windows-x64\apache-tomcat-11.0.25\webapps\ROOT] has finished in [41] ms
17-Sep-2026 09:15:16.860 INFO [main] org.apache.coyote.AbstractProtocol.start Starting ProtocolHandler ["http-nio-8080"]
17-Sep-2026 09:15:16.892 INFO [main] org.apache.catalina.startup.Catalina.start Server startup in [1611] milliseconds
